XcDf QWEa sdss ssER Tdfg
RTY
X c D f Q W E a s d s s s s
ty
cD fQ WE
RTYfgRTY