XcDlao alaofQ WEasds sssERT dfgRTY
XcDlaoalaofQWEasdssssERTdfgRTY
Xc Dl ao al ao fQ WE as ds ss sE RT df gR
xcdlaoalaofqweasdssssertdfgrty
cD la oa
XcDlaoalaofQWEasdssssERTdfgRTYXcDlaoalaofQWEasdssssERTdfgRTY