24 * 24 = 576 24 * 25 = :=) 24 * 26 = 624
25 * 24 = :=) 25 * 25 = 625 25 * 26 = 650
26 * 24 = 624 26 * 25 = 650 26 * 26 = 676
