__init__: (10,), {'amogus': 'ы'}
add: (9,), {'рыба': 'золото'}
((10, 9), {'amogus': 'ы', 'рыба': 'золото'})
add: (9,), {'курячий': 'жизнь'}
((10, 9, 9), {'amogus': 'ы', 'рыба': 'золото', 'курячий': 'жизнь'})