__init__: (10,), {}
f69: (10,), {}
f69: ('золото',), {}
69
f69: ('курячий',), {}
69