r(True):6.5 s(True):3.0 t(True):3.5 o(True):1.0
s < t=True, o < t=True, r < t=False, r < s=False
s in t=False, o in t=False, r in t=False
r & t=False, t & r=False, s & r=True, o & t=False